---
"#reordering orders using arel 1": SELECT "posts".* FROM "posts" ORDER BY "posts"."title"
  ASC
